// Jest Snapshot v1, https://goo.gl/fbAQLP

exports[`App should match the current snap 1`] = `
<div
  className="App"
>
  <div
    className="App-header"
  >
    <img
      alt="logo"
      className="App-logo"
      src="logo.svg"
    />
    <h2>
      Welcome to HostMaker
    </h2>
  </div>
  <div
    className="propertyList container-fluid"
    name="PropertyList"
  >
    <div
      className="container Title-header"
    >
      <h3>
        Your current listing's
      </h3>
    </div>
    <div
      className="container propertyItem"
    >
      <div
        className="panel"
      >
        <div
          className="row headings"
        >
          <div
            className="col-xs-3"
          >
            Owner
          </div>
          <div
            className="col-xs-5"
          >
            Address
          </div>
          <div
            className="col-xs-3"
          >
            Income Generated
          </div>
        </div>
        <div
          className="row details"
        >
          <div
            className="owner col-xs-3"
          >
            Carlos
          </div>
          <div
            className="address col-xs-5"
          >
            <div>
              Flat 5
            </div>
            <div>
              7 Westbourne Terrace
            </div>
            <div>
              London, U.K.
            </div>
            <div>
              W2 3UL
            </div>
          </div>
          <div
            className="income col-xs-4"
          >
            Â£
            2, 000.34
          </div>
        </div>
      </div>
    </div>
  </div>
</div>
`;
